[scrum-master-nuernberg.de/index.html]
[backblue.gif]
[fade.gif]
[index.html]
[static.leadpages.net/fonts/font-awesome/5.14.0/css/all.min.css]
[js.center.io/center.js]
[s3.eu-central-1.amazonaws.com/website-tutor/cookiehinweis/script.js]
[scrum-master-nuernberg.de/about/index.html]
[scrum-master-nuernberg.de/contact/index.html]
[scrum-master-nuernberg.de/impressum/index.html]
[embed.lpcontent.net/leadboxes/current/embed.js]
[scrum-master-nuernberg.de/datenschutz/index.html]
[scrum-master-nuernberg.de/Trident/index.html]
[www.google.com/recaptcha/api.js]
[scrum-master-nuernberg.de/index.html]
[static.leadpages.net/fonts/font-awesome/5.14.0/css/all.min.css]
[scrum-master-nuernberg.de/about/index.html]
[scrum-master-nuernberg.de/contact/index.html]
[scrum-master-nuernberg.de/impressum/index.html]
[scrum-master-nuernberg.de/datenschutz/index.html]
[scrum-master-nuernberg.de/about/Trident/index.html]
[scrum-master-nuernberg.de/Trident/index.html]
[scrum-master-nuernberg.de/about/Trident/index.html]
[scrum-master-nuernberg.de/contact/Trident/index.html]
[scrum-master-nuernberg.de/contact/Trident/index.html]
[scrum-master-nuernberg.de/impressum/Trident/index.html]
[scrum-master-nuernberg.de/impressum/Trident/index.html]
[scrum-master-nuernberg.de/datenschutz/Trident/index.html]
[scrum-master-nuernberg.de/datenschutz/Trident/index.html]
